====================
==>>>>>>>>v<<<<<<<==
==========v=========
==>>>>>>>>v.......==
==========v=========
==========v=========
==>>>>>>>>v.......==
==========v=========
==========v=========
==>>>>>>>>v.......==
==========v=========
==========v=========
==>>>>>>>>v.......==
==========v=========
==========v=========
==>>>>>>>>v.......==
==========v=========
==G=======v======.==
==^<<<<<<<<.......==
====================