====================
====================
====================
====================
=>>>G===============
=^==================
=^==.===============
=^==.===============
=^==.====.........==
=^==.============.==
=^==.....>>>>>v==.==
=^=======^====v==.==
=^==v==v==v=v=v==.==
=^==v<<<<<<<<<<...==
=^==v===============
=^==>>>>>v......====
=^=======v==========
=^<<<<<<<<..========
===========.========
====================